// Jest Snapshot v1, https://goo.gl/fbAQLP

exports[`<Video /> componentDidMount() should mount with state matching snapshot 1`] = `
Object {
  "isClickable": false,
}
`;

exports[`<Video /> render() should render component matching the snapshot 1`] = `
.c0 {
  width: 150px;
  height: 150px;
  margin: auto;
  background-color: #8f8c86;
  overflow: hidden;
  -webkit-transition: border-color 0.25s ease-in-out,-webkit-transform 0.25s ease-in-out;
  -webkit-transition: border-color 0.25s ease-in-out,transform 0.25s ease-in-out;
  transition: border-color 0.25s ease-in-out,transform 0.25s ease-in-out;
  border-radius: 50%;
  border: 2px solid;
  border-color: rgba(74,74,74,0.5);
  box-shadow: 2px 2px 2px 1px rgba(0,0,0,0.2);
}

<video
  autoPlay={true}
  className="c0"
  muted={true}
  onClick={[Function]}
  title=""
>
  <source
    src="test.png"
    type="video/mp4"
  />
</video>
`;
